
 • Building package clutch
From https://github.com/LuciusChen/clutch
Updating /mnt/store/melpa/working/clutch/
Checking out fbe31b0dfb7d8eb2dffbfe4d7c52459917fd519a
Copying files (->) and directories (=>)
  from /mnt/store/melpa/working/clutch/
  to /tmp/clutch-m1upvs/clutch-20261008.430/
    clutch-backend.el -> clutch-backend.el
    clutch-connection.el -> clutch-connection.el
    clutch-db-jdbc.el -> clutch-db-jdbc.el
    clutch-db-mysql.el -> clutch-db-mysql.el
    clutch-db-pg.el -> clutch-db-pg.el
    clutch-db-sqlite.el -> clutch-db-sqlite.el
    clutch-diagnostics.el -> clutch-diagnostics.el
    clutch-document.el -> clutch-document.el
    clutch-edit.el -> clutch-edit.el
    clutch-mongodb.el -> clutch-mongodb.el
    clutch-object.el -> clutch-object.el
    clutch-query.el -> clutch-query.el
    clutch-redis.el -> clutch-redis.el
    clutch-result.el -> clutch-result.el
    clutch-schema.el -> clutch-schema.el
    clutch-sql.el -> clutch-sql.el
    clutch-ui.el -> clutch-ui.el
    clutch.el -> clutch.el
Created clutch-20261008.430.tar containing:
  clutch-20261008.430/
  clutch-20261008.430/clutch-backend.el
  clutch-20261008.430/clutch-connection.el
  clutch-20261008.430/clutch-db-jdbc.el
  clutch-20261008.430/clutch-db-mysql.el
  clutch-20261008.430/clutch-db-pg.el
  clutch-20261008.430/clutch-db-sqlite.el
  clutch-20261008.430/clutch-diagnostics.el
  clutch-20261008.430/clutch-document.el
  clutch-20261008.430/clutch-edit.el
  clutch-20261008.430/clutch-mongodb.el
  clutch-20261008.430/clutch-object.el
  clutch-20261008.430/clutch-pkg.el
  clutch-20261008.430/clutch-query.el
  clutch-20261008.430/clutch-redis.el
  clutch-20261008.430/clutch-result.el
  clutch-20261008.430/clutch-schema.el
  clutch-20261008.430/clutch-sql.el
  clutch-20261008.430/clutch-ui.el
  clutch-20261008.430/clutch.el
Built clutch in 5.906s, finished at 2026-10-08T10:46:47+0000
